--- Startup times for process: Primary (or UI client) ---

times in msec
 clock   self+sourced   self:  sourced script
 clock   elapsed:              other lines

000.000  000.000: --- NVIM STARTING ---
000.078  000.078: event init
000.136  000.058: early init
000.168  000.032: locale set
000.197  000.029: init first window
000.403  000.206: inits 1
000.409  000.007: window checked
000.411  000.002: parsing arguments
000.677  000.024  000.024: require('vim.shared')
000.724  000.020  000.020: require('vim.inspect')
000.748  000.019  000.019: require('vim._options')
000.749  000.071  000.032: require('vim._editor')
000.750  000.111  000.016: require('vim._init_packages')
000.751  000.228: init lua interpreter
000.775  000.024: expanding arguments
000.785  000.010: inits 2
000.913  000.128: init highlight
000.929  000.016: clear screen
000.994  000.010  000.010: require('vim.keymap')
001.362  000.067  000.067: sourcing nvim_exec2()
001.407  000.477  000.401: require('vim._defaults')
001.408  000.002: init default mappings & autocommands
001.585  000.024  000.024: sourcing /usr/local/nvim/share/nvim/runtime/ftplugin.vim
001.605  000.009  000.009: sourcing /usr/local/nvim/share/nvim/runtime/indent.vim
001.778  000.141  000.141: require('configs.basic')
002.073  000.182  000.182: require('lazy')
002.084  000.005  000.005: require('ffi')
002.102  000.010  000.010: require('vim.fs')
002.151  000.047  000.047: require('vim.uri')
002.157  000.072  000.015: require('vim.loader')
002.205  000.041  000.041: require('lazy.stats')
002.263  000.048  000.048: require('lazy.core.util')
002.311  000.047  000.047: require('lazy.core.config')
002.371  000.022  000.022: require('lazy.core.handler')
002.514  000.035  000.035: require('lazy.pkg')
002.516  000.101  000.067: require('lazy.core.meta')
002.519  000.148  000.047: require('lazy.core.plugin')
002.524  000.213  000.043: require('lazy.core.loader')
002.782  000.053  000.053: require('lazy.async')
002.929  000.076  000.076: require('lazy.manage.process')
002.970  000.040  000.040: require('lazy.terminal')
002.972  000.185  000.069: require('lazy.manage.task')
002.973  000.277  000.039: require('lazy.manage.runner')
002.975  000.315  000.038: require('lazy.manage')
002.977  000.358  000.043: require('lazy.view.commands')
003.013  000.025  000.025: require('lazy.core.fragments')
004.614  000.036  000.036: require('lazy.core.handler.cmd')
004.667  000.051  000.051: require('lazy.core.handler.event')
004.690  000.021  000.021: require('lazy.core.handler.ft')
004.721  000.030  000.030: require('lazy.core.handler.keys')
004.800  000.003  000.003: sourcing nvim_exec2() called at /home/hellotalk/.config/nvim/init.lua:0
004.860  000.031  000.031: sourcing /home/hellotalk/.local/share/nvim/lazy/go.nvim/ftdetect/filetype.vim
004.861  000.048  000.017: sourcing nvim_exec2() called at /home/hellotalk/.config/nvim/init.lua:0
004.863  000.001  000.001: sourcing nvim_exec2() called at /home/hellotalk/.config/nvim/init.lua:0
004.956  000.001  000.001: sourcing nvim_exec2() called at /home/hellotalk/.config/nvim/init.lua:0
004.968  000.000  000.000: sourcing nvim_exec2() called at /home/hellotalk/.config/nvim/init.lua:0
005.077  000.001  000.001: sourcing nvim_exec2() called at /home/hellotalk/.config/nvim/init.lua:0
005.085  000.000  000.000: sourcing nvim_exec2() called at /home/hellotalk/.config/nvim/init.lua:0
005.250  000.059  000.059: sourcing nvim_exec2() called at /usr/local/nvim/share/nvim/runtime/filetype.lua:0
005.251  000.118  000.060: sourcing /usr/local/nvim/share/nvim/runtime/filetype.lua
005.252  000.128  000.009: sourcing nvim_exec2() called at /home/hellotalk/.config/nvim/init.lua:0
005.377  000.001  000.001: sourcing nvim_exec2() called at /home/hellotalk/.config/nvim/init.lua:0
005.385  000.000  000.000: sourcing nvim_exec2() called at /home/hellotalk/.config/nvim/init.lua:0
005.633  000.039  000.039: require('guess-indent.utils')
005.697  000.063  000.063: require('guess-indent.config')
005.698  000.312  000.210: require('guess-indent')
005.736  000.001  000.001: sourcing nvim_exec2() called at /home/hellotalk/.config/nvim/init.lua:0
005.739  000.001  000.001: sourcing nvim_exec2() called at /home/hellotalk/.config/nvim/init.lua:0
005.915  000.036  000.036: require('tokyonight.config')
005.918  000.177  000.141: require('tokyonight')
005.973  000.003  000.003: sourcing nvim_exec2() called at /home/hellotalk/.config/nvim/init.lua:0
005.976  000.001  000.001: sourcing nvim_exec2() called at /home/hellotalk/.config/nvim/init.lua:0
006.338  000.340  000.340: require('gruvbox')
006.413  000.023  000.023: sourcing /home/hellotalk/.local/share/nvim/lazy/nvim-rooter.lua/plugin/nvim-rooter.lua
006.415  000.035  000.011: sourcing nvim_exec2() called at /home/hellotalk/.config/nvim/init.lua:0
006.418  000.001  000.001: sourcing nvim_exec2() called at /home/hellotalk/.config/nvim/init.lua:0
006.421  000.001  000.001: sourcing nvim_exec2() called at /home/hellotalk/.config/nvim/init.lua:0
006.529  000.106  000.106: require('nvim-rooter')
006.550  000.001  000.001: sourcing nvim_exec2() called at /home/hellotalk/.config/nvim/init.lua:0
006.553  000.000  000.000: sourcing nvim_exec2() called at /home/hellotalk/.config/nvim/init.lua:0
006.660  000.015  000.015: sourcing /home/hellotalk/.local/share/nvim/lazy/conform.nvim/plugin/conform.lua
006.661  000.024  000.009: sourcing nvim_exec2() called at /home/hellotalk/.config/nvim/init.lua:0
006.664  000.001  000.001: sourcing nvim_exec2() called at /home/hellotalk/.config/nvim/init.lua:0
006.666  000.000  000.000: sourcing nvim_exec2() called at /home/hellotalk/.config/nvim/init.lua:0
006.768  000.099  000.099: require('conform')
006.859  000.001  000.001: sourcing nvim_exec2() called at /home/hellotalk/.config/nvim/init.lua:0
006.862  000.000  000.000: sourcing nvim_exec2() called at /home/hellotalk/.config/nvim/init.lua:0
006.909  000.001  000.001: sourcing nvim_exec2() called at /home/hellotalk/.config/nvim/init.lua:0
006.911  000.000  000.000: sourcing nvim_exec2() called at /home/hellotalk/.config/nvim/init.lua:0
006.959  000.000  000.000: sourcing nvim_exec2() called at /home/hellotalk/.config/nvim/init.lua:0
006.962  000.000  000.000: sourcing nvim_exec2() called at /home/hellotalk/.config/nvim/init.lua:0
007.749  000.681  000.681: require('vim.filetype')
008.088  000.025  000.025: require('luasnip.util.types')
008.092  000.057  000.032: require('luasnip.util.ext_opts')
008.314  000.084  000.084: require('luasnip.util.lazy_table')
008.364  000.049  000.049: require('luasnip.extras.filetype_functions')
008.376  000.216  000.083: require('luasnip.default_config')
008.377  000.285  000.070: require('luasnip.session')
008.379  000.531  000.189: require('luasnip.config')
008.506  000.034  000.034: require('luasnip.util.vimversion')
008.508  000.059  000.025: require('luasnip.util.util')
008.541  000.012  000.012: require('luasnip.nodes.key_indexer')
008.580  000.039  000.039: require('luasnip.util.feedkeys')
008.582  000.073  000.023: require('luasnip.nodes.util')
008.633  000.019  000.019: require('luasnip.session.snippet_collection.source')
008.645  000.011  000.011: require('luasnip.util.table')
008.657  000.012  000.012: require('luasnip.util.auto_table')
008.659  000.077  000.035: require('luasnip.session.snippet_collection')
008.798  000.015  000.015: require('luasnip.util.select')
008.810  000.011  000.011: require('luasnip.util.time')
008.946  000.274  000.247: require('luasnip.util._builtin_vars')
008.960  000.300  000.027: require('luasnip.util.environ')
008.975  000.014  000.014: require('luasnip.util.extend_decorator')
009.016  000.024  000.024: require('luasnip.util.path')
009.059  000.025  000.025: require('luasnip.util.log')
009.061  000.044  000.019: require('luasnip.loaders.util')
009.074  000.002  000.002: require('vim.F')
009.076  000.015  000.013: require('luasnip.loaders.data')
009.112  000.036  000.036: require('luasnip.loaders.fs_watchers')
009.114  000.139  000.020: require('luasnip.loaders')
009.124  000.742  000.080: require('luasnip')
009.152  002.103  000.149: sourcing /home/hellotalk/.local/share/nvim/lazy/LuaSnip/plugin/luasnip.lua
009.154  002.113  000.010: sourcing nvim_exec2() called at /home/hellotalk/.config/nvim/init.lua:0
009.195  000.013  000.013: sourcing /home/hellotalk/.local/share/nvim/lazy/LuaSnip/plugin/luasnip.vim
009.196  000.024  000.011: sourcing nvim_exec2() called at /home/hellotalk/.config/nvim/init.lua:0
009.199  000.001  000.001: sourcing nvim_exec2() called at /home/hellotalk/.config/nvim/init.lua:0
009.203  000.000  000.000: sourcing nvim_exec2() called at /home/hellotalk/.config/nvim/init.lua:0
009.228  000.001  000.001: sourcing nvim_exec2() called at /home/hellotalk/.config/nvim/init.lua:0
009.231  000.000  000.000: sourcing nvim_exec2() called at /home/hellotalk/.config/nvim/init.lua:0
009.416  000.121  000.121: require('cmp.utils.api')
009.445  000.014  000.014: require('cmp.types.cmp')
009.493  000.027  000.027: require('cmp.utils.misc')
009.499  000.053  000.027: require('cmp.types.lsp')
009.513  000.013  000.013: require('cmp.types.vim')
009.513  000.097  000.016: require('cmp.types')
009.526  000.012  000.012: require('cmp.utils.highlight')
009.561  000.012  000.012: require('cmp.utils.debug')
009.563  000.037  000.024: require('cmp.utils.autocmd')
009.698  000.003  000.003: sourcing nvim_exec2() called at /home/hellotalk/.local/share/nvim/lazy/nvim-cmp/plugin/cmp.lua:0
009.699  000.425  000.155: sourcing /home/hellotalk/.local/share/nvim/lazy/nvim-cmp/plugin/cmp.lua
009.700  000.433  000.008: sourcing nvim_exec2() called at /home/hellotalk/.config/nvim/init.lua:0
009.702  000.001  000.001: sourcing nvim_exec2() called at /home/hellotalk/.config/nvim/init.lua:0
009.706  000.000  000.000: sourcing nvim_exec2() called at /home/hellotalk/.config/nvim/init.lua:0
009.834  000.040  000.040: require('cmp.utils.char')
009.837  000.058  000.018: require('cmp.utils.str')
009.891  000.012  000.012: require('cmp.utils.buffer')
009.895  000.042  000.029: require('cmp.utils.keymap')
009.896  000.059  000.017: require('cmp.utils.feedkeys')
009.959  000.021  000.021: require('cmp.config.mapping')
009.974  000.014  000.014: require('cmp.utils.cache')
010.014  000.020  000.020: require('cmp.config.compare')
010.015  000.039  000.019: require('cmp.config.default')
010.022  000.104  000.031: require('cmp.config')
010.028  000.131  000.027: require('cmp.utils.async')
010.057  000.013  000.013: require('cmp.utils.pattern')
010.058  000.029  000.017: require('cmp.context')
010.166  000.049  000.049: require('cmp.utils.snippet')
010.183  000.017  000.017: require('cmp.matcher')
010.187  000.102  000.035: require('cmp.entry')
010.191  000.132  000.031: require('cmp.source')
010.226  000.013  000.013: require('cmp.utils.event')
010.293  000.023  000.023: require('cmp.utils.options')
010.296  000.052  000.029: require('cmp.utils.window')
010.297  000.071  000.019: require('cmp.view.docs_view')
010.361  000.063  000.063: require('cmp.view.custom_entries_view')
010.407  000.045  000.045: require('cmp.view.wildmenu_entries_view')
010.441  000.034  000.034: require('cmp.view.native_entries_view')
010.475  000.034  000.034: require('cmp.view.ghost_text_view')
010.480  000.289  000.029: require('cmp.view')
010.632  000.890  000.191: require('cmp.core')
010.727  000.019  000.019: require('cmp.config.sources')
010.745  000.017  000.017: require('cmp.config.window')
010.769  001.062  000.135: require('cmp')
011.222  000.018  000.018: sourcing /home/hellotalk/.local/share/nvim/lazy/nvim-web-devicons/plugin/nvim-web-devicons.vim
011.225  000.030  000.012: sourcing nvim_exec2() called at /home/hellotalk/.config/nvim/init.lua:0
011.227  000.001  000.001: sourcing nvim_exec2() called at /home/hellotalk/.config/nvim/init.lua:0
011.232  000.000  000.000: sourcing nvim_exec2() called at /home/hellotalk/.config/nvim/init.lua:0
011.240  000.000  000.000: sourcing nvim_exec2() called at /home/hellotalk/.config/nvim/init.lua:0
011.243  000.000  000.000: sourcing nvim_exec2() called at /home/hellotalk/.config/nvim/init.lua:0
011.580  000.039  000.039: require('nvim-web-devicons.filetypes')
011.757  000.143  000.143: require('nvim-web-devicons.default.icons_by_filename')
012.212  000.454  000.454: require('nvim-web-devicons.default.icons_by_file_extension')
012.373  000.160  000.160: require('nvim-web-devicons.default.icons_by_operating_system')
012.410  000.036  000.036: require('nvim-web-devicons.default.icons_by_desktop_environment')
012.445  000.034  000.034: require('nvim-web-devicons.default.icons_by_window_manager')
012.446  000.852  000.025: require('nvim-web-devicons.icons-default')
012.573  001.088  000.197: require('nvim-web-devicons')
012.965  000.003  000.003: sourcing nvim_exec2() called at /home/hellotalk/.config/nvim/init.lua:0
012.970  000.001  000.001: sourcing nvim_exec2() called at /home/hellotalk/.config/nvim/init.lua:0
013.261  000.687  000.684: require('mini.icons')
013.263  001.812  000.037: require('alpha.utils')
013.269  002.022  000.209: require('alpha.themes.startify')
013.319  000.050  000.050: require('alpha')
013.453  000.002  000.002: sourcing nvim_exec2() called at /home/hellotalk/.config/nvim/init.lua:0
013.456  000.001  000.001: sourcing nvim_exec2() called at /home/hellotalk/.config/nvim/init.lua:0
013.599  000.013  000.013: require('mason-core.path')
013.645  000.011  000.011: require('mason-core.functional.data')
013.660  000.014  000.014: require('mason-core.functional.function')
013.680  000.018  000.018: require('mason-core.functional.list')
013.707  000.012  000.012: require('mason-core.functional.relation')
013.719  000.011  000.011: require('mason-core.functional.logic')
013.731  000.011  000.011: require('mason-core.functional.number')
013.746  000.013  000.013: require('mason-core.functional.string')
013.763  000.016  000.016: require('mason-core.functional.table')
013.776  000.011  000.011: require('mason-core.functional.type')
013.777  000.159  000.043: require('mason-core.functional')
013.788  000.189  000.029: require('mason-core.platform')
013.808  000.020  000.020: require('mason.settings')
013.810  000.240  000.019: require('mason-core.installer.InstallLocation')
013.865  000.025  000.025: require('mason-core.log')
013.866  000.037  000.012: require('mason-core.EventEmitter')
013.885  000.018  000.018: require('mason-registry.sources')
013.887  000.076  000.021: require('mason-registry')
013.888  000.405  000.089: require('mason')
014.023  000.031  000.031: require('mason.api.command')
014.254  000.051  000.051: sourcing /home/hellotalk/.local/share/nvim/lazy/vim-visual-multi/autoload/vm/plugs.vim
014.399  000.054  000.054: sourcing /home/hellotalk/.local/share/nvim/lazy/vim-visual-multi/autoload/vm/maps.vim
014.481  000.053  000.053: sourcing /home/hellotalk/.local/share/nvim/lazy/vim-visual-multi/autoload/vm/maps/all.vim
014.766  000.684  000.526: sourcing /home/hellotalk/.local/share/nvim/lazy/vim-visual-multi/plugin/visual-multi.vim
014.767  000.699  000.015: sourcing nvim_exec2() called at /home/hellotalk/.config/nvim/init.lua:0
014.775  000.001  000.001: sourcing nvim_exec2() called at /home/hellotalk/.config/nvim/init.lua:0
014.779  000.000  000.000: sourcing nvim_exec2() called at /home/hellotalk/.config/nvim/init.lua:0
014.838  000.001  000.001: sourcing nvim_exec2() called at /home/hellotalk/.config/nvim/init.lua:0
014.841  000.000  000.000: sourcing nvim_exec2() called at /home/hellotalk/.config/nvim/init.lua:0
014.982  000.015  000.015: require('toggleterm.lazy')
014.994  000.011  000.011: require('toggleterm.constants')
015.029  000.034  000.034: require('toggleterm.terminal')
015.032  000.189  000.130: require('toggleterm')
015.061  000.013  000.013: require('toggleterm.colors')
015.076  000.014  000.014: require('toggleterm.utils')
015.078  000.046  000.019: require('toggleterm.config')
015.161  000.022  000.022: require('vim.version')
015.811  000.030  000.030: require('toggleterm.commandline')
016.036  000.019  000.019: require('Comment.config')
016.106  000.043  000.043: require('Comment.ft')
016.109  000.072  000.030: require('Comment.utils')
016.129  000.019  000.019: require('Comment.opfunc')
016.147  000.017  000.017: require('Comment.extra')
016.149  000.258  000.130: require('Comment.api')
016.175  000.302  000.045: sourcing /home/hellotalk/.local/share/nvim/lazy/Comment.nvim/plugin/Comment.lua
016.189  000.326  000.023: sourcing nvim_exec2() called at /home/hellotalk/.config/nvim/init.lua:0
016.193  000.001  000.001: sourcing nvim_exec2() called at /home/hellotalk/.config/nvim/init.lua:0
016.197  000.000  000.000: sourcing nvim_exec2() called at /home/hellotalk/.config/nvim/init.lua:0
016.222  000.017  000.017: require('Comment')
016.410  000.113  000.113: sourcing /home/hellotalk/.local/share/nvim/lazy/telescope.nvim/plugin/telescope.lua
016.412  000.123  000.010: sourcing nvim_exec2() called at /home/hellotalk/.config/nvim/init.lua:0
016.415  000.001  000.001: sourcing nvim_exec2() called at /home/hellotalk/.config/nvim/init.lua:0
016.419  000.000  000.000: sourcing nvim_exec2() called at /home/hellotalk/.config/nvim/init.lua:0
016.647  000.109  000.109: require('gitsigns')
016.784  000.109  000.109: require('gitsigns.highlight')
016.823  000.034  000.034: require('gitsigns.debug.log')
016.885  000.060  000.060: require('gitsigns.config')
017.088  000.021  000.021: require('gitsigns.debounce')
017.095  000.572  000.239: sourcing /home/hellotalk/.local/share/nvim/lazy/gitsigns.nvim/plugin/gitsigns.lua
017.097  000.581  000.009: sourcing nvim_exec2() called at /home/hellotalk/.config/nvim/init.lua:0
017.101  000.001  000.001: sourcing nvim_exec2() called at /home/hellotalk/.config/nvim/init.lua:0
017.105  000.000  000.000: sourcing nvim_exec2() called at /home/hellotalk/.config/nvim/init.lua:0
017.236  000.012  000.012: sourcing /home/hellotalk/.local/share/nvim/lazy/plenary.nvim/plugin/plenary.vim
017.238  000.022  000.010: sourcing nvim_exec2() called at /home/hellotalk/.config/nvim/init.lua:0
017.240  000.001  000.001: sourcing nvim_exec2() called at /home/hellotalk/.config/nvim/init.lua:0
017.243  000.000  000.000: sourcing nvim_exec2() called at /home/hellotalk/.config/nvim/init.lua:0
017.342  000.001  000.001: sourcing nvim_exec2() called at /home/hellotalk/.config/nvim/init.lua:0
017.345  000.000  000.000: sourcing nvim_exec2() called at /home/hellotalk/.config/nvim/init.lua:0
017.437  000.001  000.001: sourcing nvim_exec2() called at /home/hellotalk/.config/nvim/init.lua:0
017.440  000.000  000.000: sourcing nvim_exec2() called at /home/hellotalk/.config/nvim/init.lua:0
017.596  000.015  000.015: require('window-picker.util')
017.600  000.040  000.025: require('window-picker.filters.default-window-filter')
017.618  000.017  000.017: require('window-picker.pickers.window-picker')
017.671  000.027  000.027: require('window-picker.hints.statusline-hint')
017.673  000.054  000.027: require('window-picker.hints.statusline-winbar-hint')
017.701  000.028  000.028: require('window-picker.configurer')
017.703  000.159  000.019: require('window-picker.builder')
017.731  000.028  000.028: require('window-picker.config')
017.733  000.290  000.104: require('window-picker')
017.804  000.037  000.037: sourcing /home/hellotalk/.local/share/nvim/lazy/neo-tree.nvim/plugin/neo-tree.lua
017.806  000.046  000.009: sourcing nvim_exec2() called at /home/hellotalk/.config/nvim/init.lua:0
017.808  000.001  000.001: sourcing nvim_exec2() called at /home/hellotalk/.config/nvim/init.lua:0
017.813  000.000  000.000: sourcing nvim_exec2() called at /home/hellotalk/.config/nvim/init.lua:0
017.864  000.044  000.044: require('neo-tree')
018.162  000.100  000.100: require('vim.lsp.log')
018.425  000.261  000.261: require('vim.lsp.protocol')
018.589  000.162  000.162: require('vim.lsp.util')
018.704  000.040  000.040: require('vim.lsp.sync')
018.709  000.117  000.077: require('vim.lsp._changetracking')
018.810  000.052  000.052: require('vim.lsp._transport')
018.821  000.111  000.059: require('vim.lsp.rpc')
018.858  000.889  000.138: require('vim.lsp')
019.048  000.189  000.189: require('lspconfig.util')
019.711  001.791  000.713: sourcing /home/hellotalk/.local/share/nvim/lazy/nvim-lspconfig/plugin/lspconfig.lua
019.715  001.802  000.011: sourcing nvim_exec2() called at /home/hellotalk/.config/nvim/init.lua:0
019.722  000.002  000.002: sourcing nvim_exec2() called at /home/hellotalk/.config/nvim/init.lua:0
019.728  000.001  000.001: sourcing nvim_exec2() called at /home/hellotalk/.config/nvim/init.lua:0
019.879  000.022  000.022: require('lspconfig.async')
019.880  000.072  000.050: require('lspconfig.configs')
019.885  000.154  000.082: require('lspconfig')
019.905  000.019  000.019: require('lspconfig.configs.gopls')
019.982  000.068  000.068: require('vim.iter')
020.086  000.040  000.040: require('lspconfig.manager')
020.148  000.002  000.002: sourcing nvim_exec2() called at /home/hellotalk/.config/nvim/init.lua:0
020.152  000.000  000.000: sourcing nvim_exec2() called at /home/hellotalk/.config/nvim/init.lua:0
020.303  000.030  000.030: require('blame.git')
020.521  000.123  000.123: require('blame.highlights')
020.705  000.105  000.105: require('blame.utils')
020.751  000.045  000.045: require('blame.porcelain_parser')
020.803  000.052  000.052: require('blame.mappings')
020.820  000.299  000.097: require('blame.blame_stack')
020.904  000.083  000.083: require('blame.commit_info')
020.910  000.606  000.101: require('blame.views.window_view')
020.976  000.066  000.066: require('blame.views.virtual_view')
021.045  000.069  000.069: require('blame.formats.default_formats')
021.049  000.893  000.122: require('blame')
021.117  000.002  000.002: sourcing nvim_exec2() called at /home/hellotalk/.config/nvim/init.lua:0
021.124  000.001  000.001: sourcing nvim_exec2() called at /home/hellotalk/.config/nvim/init.lua:0
021.346  000.039  000.039: require('mason-lspconfig.settings')
021.348  000.197  000.158: require('mason-lspconfig')
021.404  000.049  000.049: require('mason-core.async')
021.436  000.016  000.016: require('mason-core.async.control')
021.453  000.016  000.016: require('mason-core.result')
021.480  000.010  000.010: require('mason-core.async.uv')
021.483  000.029  000.019: require('mason-core.fs')
021.490  000.085  000.024: require('mason-registry.installer')
021.542  000.015  000.015: require('mason-core.optional')
021.635  000.062  000.062: require('mason-core.process')
021.658  000.022  000.022: require('mason-core.spawn')
021.659  000.100  000.016: require('mason-core.installer.managers.powershell')
021.670  000.011  000.011: require('mason.version')
021.672  000.129  000.018: require('mason-core.fetch')
021.684  000.012  000.012: require('mason-core.providers')
021.764  000.032  000.032: require('mason-core.purl')
021.767  000.053  000.021: require('mason-core.package.AbstractPackage')
021.853  000.020  000.020: require('mason-core.installer.compiler.expr')
021.856  000.047  000.028: require('mason-core.installer.compiler.link')
021.950  000.014  000.014: require('mason-core.installer.context.InstallContextCwd')
021.966  000.015  000.015: require('mason-core.installer.context.InstallContextFs')
021.979  000.013  000.013: require('mason-core.installer.context.InstallContextSpawn')
021.997  000.017  000.017: require('mason-core.receipt')
022.032  000.117  000.058: require('mason-core.installer.context')
022.033  000.130  000.014: require('mason-core.installer')
022.039  000.158  000.027: require('mason-core.installer.managers.std')
022.040  000.183  000.025: require('mason-core.installer.compiler.schemas')
022.056  000.015  000.015: require('mason-core.installer.compiler.util')
022.066  000.278  000.032: require('mason-core.installer.compiler')
022.084  000.018  000.018: require('mason-core.installer.linker')
022.086  000.318  000.022: require('mason-core.installer.InstallRunner')
022.100  000.014  000.014: require('mason-core.installer.UninstallRunner')
022.103  000.407  000.021: require('mason-core.package')
022.104  000.419  000.013: require('mason-registry.sources.util')
022.107  000.600  000.024: require('mason-registry.sources.github')
022.162  000.017  000.017: require('mason-vendor.zzlib.inflate-bit32')
022.164  000.041  000.024: require('mason-vendor.zzlib')
022.320  000.015  000.015: require('mason-lspconfig.mappings')
022.322  000.033  000.018: require('mason-lspconfig.features.automatic_enable')
022.364  000.015  000.015: require('mason-lspconfig--- Startup times for process: Primary (or UI client) ---

times in msec
 clock   self+sourced   self:  sourced script
 clock   elapsed:              other lines

000.000  000.000: --- NVIM STARTING ---
000.086  000.085: event init
000.145  000.060: early init
000.182  000.036: locale set
000.212  000.031: init first window
000.430  000.218: inits 1
000.433  000.003: window checked
000.435  000.002: parsing arguments
000.705  000.025  000.025: require('vim.shared')
000.752  000.020  000.020: require('vim.inspect')
000.775  000.019  000.019: require('vim._options')
000.776  000.070  000.031: require('vim._editor')
000.777  000.112  000.018: require('vim._init_packages')
000.778  000.231: init lua interpreter
002.634  001.856: nvim_ui_attach
002.802  000.169: nvim_set_client_info
002.803  000.001: --- NVIM STARTED ---

--- Startup times for process: Embedded ---

times in msec
 clock   self+sourced   self:  sourced script
 clock   elapsed:              other lines

000.000  000.000: --- NVIM STARTING ---
000.090  000.090: event init
000.161  000.071: early init
000.196  000.035: locale set
000.224  000.028: init first window
000.466  000.242: inits 1
000.474  000.009: window checked
000.476  000.002: parsing arguments
000.838  000.046  000.046: require('vim.shared')
000.907  000.028  000.028: require('vim.inspect')
000.942  000.028  000.028: require('vim._options')
000.943  000.103  000.047: require('vim._editor')
000.944  000.169  000.021: require('vim._init_packages')
000.945  000.300: init lua interpreter
000.992  000.047: expanding arguments
001.007  000.015: inits 2
001.189  000.182: init highlight
001.190  000.001: waiting for UI
001.320  000.130: done waiting for UI
001.329  000.009: clear screen
001.422  000.012  000.012: require('vim.keymap')
001.994  000.099  000.099: sourcing nvim_exec2()
002.089  000.759  000.648: require('vim._defaults')
002.091  000.003: init default mappings & autocommands
002.378  000.037  000.037: sourcing /usr/local/nvim/share/nvim/runtime/ftplugin.vim
002.420  000.020  000.020: sourcing /usr/local/nvim/share/nvim/runtime/indent.vim
002.635  000.162  000.162: require('configs.basic')
003.122  000.290  000.290: require('lazy')
003.139  000.007  000.007: require('ffi')
003.164  000.012  000.012: require('vim.fs')
003.233  000.067  000.067: require('vim.uri')
003.243  000.102  000.023: require('vim.loader')
003.321  000.067  000.067: require('lazy.stats')
003.407  000.070  000.070: require('lazy.core.util')
003.493  000.085  000.085: require('lazy.core.config')
003.604  000.042  000.042: require('lazy.core.handler')
003.785  000.047  000.047: require('lazy.pkg')
003.789  000.132  000.085: require('lazy.core.meta')
003.795  000.189  000.058: require('lazy.core.plugin')
003.801  000.306  000.075: require('lazy.core.loader')
004.294  000.049  000.049: require('lazy.core.fragments')
007.066  000.033  000.033: require('lazy.core.handler.keys')
007.097  000.027  000.027: require('lazy.core.handler.event')
007.116  000.018  000.018: require('lazy.core.handler.cmd')
007.139  000.022  000.022: require('lazy.core.handler.ft')
007.221  000.007  000.007: sourcing nvim_exec2() called at /home/hellotalk/.config/nvim/init.lua:0
007.290  000.037  000.037: sourcing /home/hellotalk/.local/share/nvim/lazy/go.nvim/ftdetect/filetype.vim
007.291  000.049  000.012: sourcing nvim_exec2() called at /home/hellotalk/.config/nvim/init.lua:0
007.293  000.001  000.001: sourcing nvim_exec2() called at /home/hellotalk/.config/nvim/init.lua:0
007.447  000.001  000.001: sourcing nvim_exec2() called at /home/hellotalk/.config/nvim/init.lua:0
007.452  000.000  000.000: sourcing nvim_exec2() called at /home/hellotalk/.config/nvim/init.lua:0
007.592  000.050  000.050: sourcing nvim_exec2() called at /usr/local/nvim/share/nvim/runtime/filetype.lua:0
007.594  000.102  000.052: sourcing /usr/local/nvim/share/nvim/runtime/filetype.lua
007.595  000.114  000.012: sourcing nvim_exec2() called at /home/hellotalk/.config/nvim/init.lua:0
007.661  000.001  000.001: sourcing nvim_exec2() called at /home/hellotalk/.config/nvim/init.lua:0
007.667  000.000  000.000: sourcing nvim_exec2() called at /home/hellotalk/.config/nvim/init.lua:0
008.162  000.459  000.459: require('gruvbox')
008.236  000.002  000.002: sourcing nvim_exec2() called at /home/hellotalk/.config/nvim/init.lua:0
008.253  000.001  000.001: sourcing nvim_exec2() called at /home/hellotalk/.config/nvim/init.lua:0
008.653  000.033  000.033: require('tokyonight.config')
008.657  000.399  000.366: require('tokyonight')
008.723  000.002  000.002: sourcing nvim_exec2() called at /home/hellotalk/.config/nvim/init.lua:0
008.726  000.001  000.001: sourcing nvim_exec2() called at /home/hellotalk/.config/nvim/init.lua:0
008.848  000.037  000.037: require('guess-indent.utils')
008.880  000.031  000.031: require('guess-indent.config')
008.882  000.155  000.086: require('guess-indent')
008.949  000.012  000.012: sourcing /home/hellotalk/.local/share/nvim/lazy/conform.nvim/plugin/conform.lua
008.951  000.023  000.010: sourcing nvim_exec2() called at /home/hellotalk/.config/nvim/init.lua:0
008.953  000.001  000.001: sourcing nvim_exec2() called at /home/hellotalk/.config/nvim/init.lua:0
008.956  000.000  000.000: sourcing nvim_exec2() called at /home/hellotalk/.config/nvim/init.lua:0
009.165  000.205  000.205: require('conform')
009.231  000.001  000.001: sourcing nvim_exec2() called at /home/hellotalk/.config/nvim/init.lua:0
009.235  000.000  000.000: sourcing nvim_exec2() called at /home/hellotalk/.config/nvim/init.lua:0
009.297  000.001  000.001: sourcing nvim_exec2() called at /home/hellotalk/.config/nvim/init.lua:0
009.300  000.000  000.000: sourcing nvim_exec2() called at /home/hellotalk/.config/nvim/init.lua:0
009.917  000.002  000.002: sourcing nvim_exec2() called at /home/hellotalk/.config/nvim/init.lua:0
009.922  000.001  000.001: sourcing nvim_exec2() called at /home/hellotalk/.config/nvim/init.lua:0
010.040  000.013  000.013: require('mason-core.path')
010.087  000.011  000.011: require('mason-core.functional.data')
010.103  000.015  000.015: require('mason-core.functional.function')
010.134  000.029  000.029: require('mason-core.functional.list')
010.150  000.012  000.012: require('mason-core.functional.relation')
010.172  000.021  000.021: require('mason-core.functional.logic')
010.194  000.011  000.011: require('mason-core.functional.number')
010.215  000.019  000.019: require('mason-core.functional.string')
010.229  000.012  000.012: require('mason-core.functional.table')
010.242  000.012  000.012: require('mason-core.functional.type')
010.243  000.183  000.042: require('mason-core.functional')
010.257  000.216  000.033: require('mason-core.platform')
010.278  000.020  000.020: require('mason.settings')
010.279  000.269  000.020: require('mason-core.installer.InstallLocation')
010.345  000.031  000.031: require('mason-core.log')
010.346  000.046  000.015: require('mason-core.EventEmitter')
010.378  000.031  000.031: require('mason-registry.sources')
010.379  000.100  000.023: require('mason-registry')
010.380  000.440  000.072: require('mason')
010.459  000.041  000.041: require('mason.api.command')
010.464  001.056  000.573: require('mason-core.functional')
010.480  000.015  000.015: require('mason-lspconfig.settings')
010.481  001.162  000.091: require('mason-lspconfig')
010.508  000.024  000.024: require('mason-core.async')
010.545  000.020  000.020: require('mason-core.async.control')
010.564  000.018  000.018: require('mason-core.result')
010.597  000.012  000.012: require('mason-core.async.uv')
010.601  000.036  000.024: require('mason-core.fs')
010.606  000.097  000.023: require('mason-registry.installer')
010.671  000.025  000.025: require('mason-core.optional')
010.776  000.070  000.070: require('mason-core.process')
010.802  000.025  000.025: require('mason-core.spawn')
010.803  000.113  000.018: require('mason-core.installer.managers.powershell')
010.822  000.019  000.019: require('mason.version')
010.824  000.153  000.021: require('mason-core.fetch')
010.846  000.021  000.021: require('mason-core.providers')
011.020  000.083  000.083: require('mason-core.purl')
011.025  000.122  000.040: require('mason-core.package.AbstractPackage')
011.174  000.039  000.039: require('mason-core.installer.compiler.expr')
011.180  000.087  000.048: require('mason-core.installer.compiler.link')
011.339  000.030  000.030: require('mason-core.installer.context.InstallContextCwd')
011.374  000.034  000.034: require('mason-core.installer.context.InstallContextFs')
011.394  000.019  000.019: require('mason-core.installer.context.InstallContextSpawn')
011.427  000.033  000.033: require('mason-core.receipt')
011.437  000.168  000.052: require('mason-core.installer.context')
011.439  000.194  000.026: require('mason-core.installer')
011.449  000.242  000.048: require('mason-core.installer.managers.std')
011.450  000.269  000.027: require('mason-core.installer.compiler.schemas')
011.476  000.025  000.025: require('mason-core.installer.compiler.util')
011.498  000.434  000.053: require('mason-core.installer.compiler')
011.590  000.092  000.092: require('mason-core.installer.linker')
011.595  000.569  000.043: require('mason-core.installer.InstallRunner')
011.667  000.071  000.071: require('mason-core.installer.UninstallRunner')
011.675  000.805  000.042: require('mason-core.package')
011.679  000.832  000.027: require('mason-registry.sources.util')
011.694  001.072  000.040: require('mason-registry.sources.github')
011.977  000.073  000.073: require('mason-vendor.zzlib.inflate-bit32')
011.980  000.170  000.097: require('mason-vendor.zzlib')
012.276  000.020  000.020: require('mason-lspconfig.mappings')
012.278  000.044  000.024: require('mason-lspconfig.features.automatic_enable')
012.321  000.012  000.012: require('mason-lspconfig.notify')
012.330  000.041  000.029: require('mason-lspconfig.api.command')
012.526  000.125  000.125: require('gitsigns')
012.640  000.086  000.086: require('gitsigns.highlight')
012.667  000.022  000.022: require('gitsigns.debug.log')
012.716  000.048  000.048: require('gitsigns.config')
012.937  000.017  000.017: require('gitsigns.debounce')
012.942  000.552  000.254: sourcing /home/hellotalk/.local/share/nvim/lazy/gitsigns.nvim/plugin/gitsigns.lua
012.944  000.564  000.012: sourcing nvim_exec2() called at /home/hellotalk/.config/nvim/init.lua:0
012.948  000.002  000.002: sourcing nvim_exec2() called at /home/hellotalk/.config/nvim/init.lua:0
012.952  000.001  000.001: sourcing nvim_exec2() called at /home/hellotalk/.config/nvim/init.lua:0
012.984  000.001  000.001: sourcing nvim_exec2() called at /home/hellotalk/.config/nvim/init.lua:0
012.987  000.000  000.000: sourcing nvim_exec2() called at /home/hellotalk/.config/nvim/init.lua:0
013.130  000.015  000.015: require('blame.git')
013.166  000.012  000.012: require('blame.highlights')
013.198  000.011  000.011: require('blame.utils')
013.209  000.010  000.010: require('blame.porcelain_parser')
013.220  000.010  000.010: require('blame.mappings')
013.221  000.054  000.023: require('blame.blame_stack')
013.242  000.020  000.020: require('blame.commit_info')
013.244  000.113  000.026: require('blame.views.window_view')
013.258  000.013  000.013: require('blame.views.virtual_view')
013.271  000.012  000.012: require('blame.formats.default_formats')
013.272  000.236  000.083: require('blame')
013.707  000.013  000.013: require('vim.treesitter.language')
013.718  000.009  000.009: require('vim.func')
013.732  000.012  000.012: require('vim.func._memoize')
013.746  000.082  000.048: require('vim.treesitter.query')
013.760  000.013  000.013: require('vim.treesitter._range')
013.765  000.138  000.042: require('vim.treesitter.languagetree')
013.768  000.159  000.022: require('vim.treesitter')
013.769  000.174  000.015: require('nvim-treesitter.compat')
014.408  000.592  000.592: require('nvim-treesitter.parsers')
014.454  000.043  000.043: require('nvim-treesitter.utils')
014.458  000.670  000.035: require('nvim-treesitter.ts_utils')
014.461  000.690  000.020: require('nvim-treesitter.tsrange')
014.491  000.029  000.029: require('nvim-treesitter.caching')
014.499  000.924  000.030: require('nvim-treesitter.query')
014.509  000.967  000.043: require('nvim-treesitter.configs')
014.511  001.060  000.092: require('nvim-treesitter-textobjects')
014.666  000.051  000.051: require('nvim-treesitter.info')
014.709  000.042  000.042: require('nvim-treesitter.shell_command_selectors')
014.728  000.190  000.097: require('nvim-treesitter.install')
014.758  000.029  000.029: require('nvim-treesitter.statusline')
014.816  000.057  000.057: require('nvim-treesitter.query_predicates')
014.818  000.306  000.030: require('nvim-treesitter')
014.924  000.054  000.054: require('nvim-treesitter.textobjects.shared')
014.928  000.105  000.050: require('nvim-treesitter.textobjects.select')
014.988  000.056  000.056: require('vim.iter')
015.062  000.027  000.027: require('nvim-treesitter.textobjects.attach')
015.105  000.043  000.043: require('nvim-treesitter.textobjects.repeatable_move')
015.110  000.109  000.039: require('nvim-treesitter.textobjects.move')
015.453  000.035  000.035: require('nvim-treesitter.textobjects.swap')
015.529  000.040  000.040: require('nvim-treesitter.textobjects.lsp_interop')
015.548  002.105  000.395: sourcing /home/hellotalk/.local/share/nvim/lazy/nvim-treesitter-textobjects/plugin/nvim-treesitter-textobjects.vim
015.550  002.117  000.011: sourcing nvim_exec2() called at /home/hellotalk/.config/nvim/init.lua:0
015.555  000.001  000.001: sourcing nvim_exec2() called at /home/hellotalk/.config/nvim/init.lua:0
015.560  000.000  000.000: sourcing nvim_exec2() called at /home/hellotalk/.config/nvim/init.lua:0
015.963  000.359  000.359: sourcing /home/hellotalk/.local/share/nvim/lazy/nvim-treesitter/plugin/nvim-treesitter.lua
015.966  000.371  000.012: sourcing nvim_exec2() called at /home/hellotalk/.config/nvim/init.lua:0
015.971  000.001  000.001: sourcing nvim_exec2() called at /home/hellotalk/.config/nvim/init.lua:0
015.977  000.001  000.001: sourcing nvim_exec2() called at /home/hellotalk/.config/nvim/init.lua:0
016.047  000.067  000.067: require('vim.treesitter.highlighter')
017.098  000.144  000.144: require('nvim-treesitter.locals')
017.107  000.201  000.057: require('nvim-treesitter.incremental_selection')
017.246  000.056  000.056: require('nvim-treesitter.highlight')
017.383  000.114  000.114: require('nvim-treesitter.indent')
017.677  000.070  000.070: require('render-markdown.config.injections')
017.724  000.045  000.045: require('render-markdown.config.patterns')
017.760  000.035  000.035: require('render-markdown.config.anti_conceal')
017.789  000.029  000.029: require('render-markdown.config.padding')
017.830  000.040  000.040: require('render-markdown.config.latex')
017.844  000.013  000.013: require('render-markdown.config.on')
017.864  000.019  000.019: require('render-markdown.config.completions')
017.881  000.017  000.017: require('render-markdown.config.heading')
017.894  000.012  000.012: require('render-markdown.config.paragraph')
017.912  000.017  000.017: require('render-markdown.config.code')
017.925  000.012  000.012: require('render-markdown.config.dash')
017.937  000.012  000.012: require('render-markdown.config.document')
017.950  000.012  000.012: require('render-markdown.config.bullet')
017.964  000.013  000.013: require('render-markdown.config.checkbox')
017.977  000.012  000.012: require('render-markdown.config.quote')
017.992  000.014  000.014: require('render-markdown.config.pipe_table')
018.015  000.022  000.022: require('render-markdown.config.callout')
018.034  000.019  000.019: require('render-markdown.config.link')
018.046  000.012  000.012: require('render-markdown.config.sign')
018.059  000.012  000.012: require('render-markdown.config.inline_highlight')
018.072  000.012  000.012: require('render-markdown.config.indent')
018.085  000.013  000.013: require('render-markdown.config.html')
018.101  000.015  000.015: require('render-markdown.config.win_options')
018.115  000.013  000.013: require('render-markdown.config.overrides')
018.127  000.011  000.011: require('render-markdown.config.handlers')
018.128  000.628  000.124: require('render-markdown')
018.146  000.017  000.017: require('render-markdown.lib.presets')
018.197  000.018  000.018: require('render-markdown.lib.compat')
018.217  000.019  000.019: require('render-markdown.lib.env')
018.276  000.012  000.012: require('render-markdown.lib.str')
018.278  000.025  000.013: require('render-markdown.lib.line')
018.290  000.012  000.012: require('render-markdown.lib.resolved')
018.302  000.011  000.011: require('render-markdown.lib.iter')
018.303  000.064  000.016: require('render-markdown.lib.config')
018.304  000.081  000.016: require('render-markdown.state')
018.333  000.016  000.016: require('render-markdown.core.log')
018.375  000.011  000.011: require('render-markdown.request.callout')
018.387  000.012  000.012: require('render-markdown.request.checkbox')
018.402  000.014  000.014: require('render-markdown.request.conceal')
018.413  000.011  000.011: require('render-markdown.request.offset')
018.433  000.019  000.019: require('render-markdown.request.used')
018.476  000.017  000.017: require('render-markdown.lib.node')
018.488  000.011  000.011: require('render-markdown.lib.range')
018.489  000.044  000.015: require('render-markdown.request.view')
018.491  000.145  000.033: require('render-markdown.request.context')
018.506  000.014  000.014: require('render-markdown.lib.marks')
018.518  000.012  000.012: require('render-markdown.core.ts')
018.519  000.185  000.014: require('render-markdown.handler.html')
018.544  000.011  000.011: require('render-markdown.lib.indent')
018.545  000.026  000.015: require('render-markdown.handler.latex')
018.558  000.013  000.013: require('render-markdown.handler.markdown')
018.572  000.013  000.013: require('render-markdown.handler.markdown_inline')
018.573  000.268  000.016: require('render-markdown.core.handlers')
018.620  000.012  000.012: require('render-markdown.lib.decorator')
018.633  000.012  000.012: require('render-markdown.lib.extmark')
018.636  000.044  000.020: require('render-markdown.core.ui')
018.639  000.063  000.018: require('render-markdown.core.manager')
018.670  000.017  000.017: require('render-markdown.integ.source')
018.671  000.030  000.013: require('render-markdown.integ.blink')
018.689  000.017  000.017: require('render-markdown.core.colors')
018.771  000.014  000.014: require('render-markdown.api')
018.772  000.031  000.017: require('render-markdown.core.command')
018.796  001.376  000.205: sourcing /home/hellotalk/.local/share/nvim/lazy/render-markdown.nvim/plugin/render-markdown.lua
018.798  001.389  000.013: sourcing nvim_exec2() called at /home/hellotalk/.config/nvim/init.lua:0
018.803  000.002  000.002: sourcing nvim_exec2() called at /home/hellotalk/.config/nvim/init.lua:0
018.807  000.001  000.001: sourcing nvim_exec2() called at /home/hellotalk/.config/nvim/init.lua:0
019.001  000.024  000.024: require('vim.lsp.log')
019.175  000.172  000.172: require('vim.lsp.protocol')
019.234  000.058  000.058: require('vim.lsp.util')
019.268  000.015  000.015: require('vim.lsp.sync')
019.270  000.034  000.020: require('vim.lsp._changetracking')
019.326  000.020  000.020: require('vim.lsp._transport')
019.334  000.064  000.043: require('vim.lsp.rpc')
019.369  000.436  000.083: require('vim.lsp')
019.552  000.182  000.182: require('lspconfig.util')
019.586  000.029  000.029: require('vim.version')
020.479  001.568  000.922: sourcing /home/hellotalk/.local/share/nvim/lazy/nvim-lspconfig/plugin/lspconfig.lua
020.483  001.581  000.013: sourcing nvim_exec2() called at /home/hellotalk/.config/nvim/init.lua:0
020.489  000.002  000.002: sourcing nvim_exec2() called at /home/hellotalk/.config/nvim/init.lua:0
020.495  000.000  000.000: sourcing nvim_exec2() called at /home/hellotalk/.config/nvim/init.lua:0
020.568  000.015  000.015: require('lspconfig.async')
020.570  000.044  000.029: require('lspconfig.configs')
020.573  000.076  000.032: require('lspconfig')
020.591  000.017  000.017: require('lspconfig.configs.gopls')
020.646  000.022  000.022: require('lspconfig.manager')
020.772  000.014  000.014: sourcing /home/hellotalk/.local/share/nvim/lazy/plenary.nvim/plugin/plenary.vim
020.773  000.024  000.011: sourcing nvim_exec2() called at /home/hellotalk/.config/nvim/init.lua:0
020.776  000.001  000.001: sourcing nvim_exec2() called at /home/hellotalk/.config/nvim/init.lua:0
020.780  000.000  000.000: sourcing nvim_exec2() called at /home/hellotalk/.config/nvim/init.lua:0
020.942  000.018  000.018: sourcing /home/hellotalk/.local/share/nvim/lazy/nvim-web-devicons/plugin/nvim-web-devicons.vim
020.943  000.027  000.009: sourcing nvim_exec2() called at /home/hellotalk/.config/nvim/init.lua:0
020.946  000.001  000.001: sourcing nvim_exec2() called at /home/hellotalk/.config/nvim/init.lua:0
020.950  000.000  000.000: sourcing nvim_exec2() called at /home/hellotalk/.config/nvim/init.lua:0
021.024  000.001  000.001: sourcing nvim_exec2() called at /home/hellotalk/.config/nvim/init.lua:0
021.027  000.000  000.000: sourcing nvim_exec2() called at /home/hellotalk/.config/nvim/init.lua:0
021.100  000.001  000.001: sourcing nvim_exec2() called at /home/hellotalk/.config/nvim/init.lua:0
021.109  000.000  000.000: sourcing nvim_exec2() called at /home/hellotalk/.config/nvim/init.lua:0
021.260  000.016  000.016: require('window-picker.util')
021.262  000.037  000.020: require('window-picker.filters.default-window-filter')
021.279  000.016  000.016: require('window-picker.pickers.window-picker')
021.325  000.017  000.017: require('window-picker.hints.statusline-hint')
021.328  000.049  000.032: require('window-picker.hints.statusline-winbar-hint')
021.344  000.015  000.015: require('window-picker.configurer')
021.345  000.136  000.019: require('window-picker.builder')
021.369  000.024  000.024: require('window-picker.config')
021.370  000.259  000.098: require('window-picker')
021.446  000.025  000.025: sourcing /home/hellotalk/.local/share/nvim/lazy/neo-tree.nvim/plugin/neo-tree.lua
021.448  000.035  000.010: sourcing nvim_exec2() called at /home/hellotalk/.config/nvim/init.lua:0
021.454  000.001  000.001: sourcing nvim_exec2() called at /home/hellotalk/.config/nvim/init.lua:0
021.458  000.000  000.000: sourcing nvim_exec2() called at /home/hellotalk/.config/nvim/init.lua:0
021.479  000.020  000.020: require('neo-tree')
021.686  000.053  000.053: sourcing /home/hellotalk/.local/share/nvim/lazy/vim-visual-multi/autoload/vm/plugs.vim
021.828  000.052  000.052: sourcing /home/hellotalk/.local/share/nvim/lazy/vim-visual-multi/autoload/vm/maps.vim
021.910  000.057  000.057: sourcing /home/hellotalk/.local/share/nvim/lazy/vim-visual-multi/autoload/vm/maps/all.vim
022.198  000.676  000.515: sourcing /home/hellotalk/.local/share/nvim/lazy/vim-visual-multi/plugin/visual-multi.vim
022.199  000.684  000.009: sourcing nvim_exec2() called at /home/hellotalk/.config/nvim/init.lua:0
022.202  000.001  000.001: sourcing nvim_exec2() called at /home/hellotalk/.config/nvim/init.lua:0
022.207  000.000  000.000: sourcing nvim_exec2() called at /home/hellotalk/.config/nvim/init.lua:0
022.250  000.001  000.001: sourcing nvim_exec2() called at /home/hellotalk/.config/nvim/init.lua:0
022.254  000.000  000.000: sourcing nvim_exec2() called at /home/hellotalk/.config/nvim/init.lua:0
022.409  000.027  000.027: require('toggleterm.lazy')
022.424  000.013  000.013: require('toggleterm.constants')
022.476  000.050  000.050: require('toggleterm.terminal')
022.478  000.223  000.134: require('toggleterm')
022.515  000.016  000.016: require('toggleterm.colors')
022.535  000.019  000.019: require('toggleterm.utils')
022.537  000.057  000.022: require('toggleterm.config')
022.554  000.010  000.010: require('vim.F')
023.136  000.061  000.061: require('toggleterm.commandline')
023.232  000.031  000.031: sourcing /home/hellotalk/.local/share/nvim/lazy/nvim-rooter.lua/plugin/nvim-rooter.lua
023.235  000.048  000.018: sourcing nvim_exec2() called at /home/hellotalk/.config/nvim/init.lua:0
023.239  000.001  000.001: sourcing nvim_exec2() called at /home/hellotalk/.config/nvim/init.lua:0
023.243  000.000  000.000: sourcing nvim_exec2() called at /home/hellotalk/.config/nvim/init.lua:0
023.405  000.160  000.160: require('nvim-rooter')
023.575  000.018  000.018: require('Comment.config')
023.687  000.076  000.076: require('Comment.ft')
023.691  000.115  000.039: require('Comment.utils')
023.715  000.023  000.023: require('Comment.opfunc')
023.736  000.020  000.020: require('Comment.extra')
023.737  000.268  000.092: require('Comment.api')
023.779  000.328  000.060: sourcing /home/hellotalk/.local/share/nvim/lazy/Comment.nvim/plugin/Comment.lua
023.781  000.338  000.010: sourcing nvim_exec2() called at /home/hellotalk/.config/nvim/init.lua:0
023.786  000.002  000.002: sourcing nvim_exec2() called at /home/hellotalk/.config/nvim/init.lua:0
023.791  000.001  000.001: sourcing nvim_exec2() called at /home/hellotalk/.config/nvim/init.lua:0
023.823  000.024  000.024: require('Comment')
024.018  000.001  000.001: sourcing nvim_exec2() called at /home/hellotalk/.config/nvim/init.lua:0
024.022  000.001  000.001: sourcing nvim_exec2() called at /home/hellotalk/.config/nvim/init.lua:0
024.119  000.001  000.001: sourcing nvim_exec2() called at /home/hellotalk/.config/nvim/init.lua:0
024.123  000.000  000.000: sourcing nvim_exec2() called at /home/hellotalk/.config/nvim/init.lua:0
024.214  000.001  000.001: sourcing nvim_exec2() called at /home/hellotalk/.config/nvim/init.lua:0
024.219  000.000  000.000: sourcing nvim_exec2() called at /home/hellotalk/.config/nvim/init.lua:0
025.133  000.778  000.778: require('vim.filetype')
025.403  000.020  000.020: require('luasnip.util.types')
025.405  000.050  000.030: require('luasnip.util.ext_opts')
025.500  000.028  000.028: require('luasnip.util.lazy_table')
025.525  000.025  000.025: require('luasnip.extras.filetype_functions')
025.575  000.146  000.094: require('luasnip.default_config')
025.577  000.172  000.026: require('luasnip.session')
025.579  000.383  000.162: require('luasnip.config')
025.751  000.042  000.042: require('luasnip.util.vimversion')
025.756  000.108  000.066: require('luasnip.util.util')
025.941  000.145  000.145: require('luasnip.nodes.key_indexer')
026.001  000.059  000.059: require('luasnip.util.feedkeys')
026.011  000.255  000.050: require('luasnip.nodes.util')
026.165  000.062  000.062: require('luasnip.session.snippet_collection.source')
026.194  000.028  000.028: require('luasnip.util.table')
026.249  000.054  000.054: require('luasnip.util.auto_table')
026.264  000.252  000.108: require('luasnip.session.snippet_collection')
026.536  000.065  000.065: require('luasnip.util.select')
026.567  000.030  000.030: require('luasnip.util.time')
026.753  000.387  000.292: require('luasnip.util._builtin_vars')
026.845  000.580  000.193: require('luasnip.util.environ')
026.896  000.051  000.051: require('luasnip.util.extend_decorator')
026.946  000.028  000.028: require('luasnip.util.path')
026.992  000.024  000.024: require('luasnip.util.log')
026.994  000.047  000.024: require('luasnip.loaders.util')
027.018  000.023  000.023: require('luasnip.loaders.data')
027.052  000.034  000.034: require('luasnip.loaders.fs_watchers')
027.054  000.157  000.025: require('luasnip.loaders')
027.063  001.482  000.080: require('luasnip')
027.079  002.756  000.114: sourcing /home/hellotalk/.local/share/nvim/lazy/LuaSnip/plugin/luasnip.lua
027.082  002.767  000.011: sourcing nvim_exec2() called at /home/hellotalk/.config/nvim/init.lua:0
027.110  000.015  000.015: sourcing /home/hellotalk/.local/share/nvim/lazy/LuaSnip/plugin/luasnip.vim
027.111  000.026  000.011: sourcing nvim_exec2() called at /home/hellotalk/.config/nvim/init.lua:0
027.114  000.001  000.001: sourcing nvim_exec2() called at /home/hellotalk/.config/nvim/init.lua:0
027.118  000.000  000.000: sourcing nvim_exec2() called at /home/hellotalk/.config/nvim/init.lua:0
027.142  000.001  000.001: sourcing nvim_exec2() called at /home/hellotalk/.config/nvim/init.lua:0
027.144  000.000  000.000: sourcing nvim_exec2() called at /home/hellotalk/.config/nvim/init.lua:0
027.218  000.027  000.027: require('cmp.utils.api')
027.244  000.013  000.013: require('cmp.types.cmp')
027.279  000.018  000.018: require('cmp.utils.misc')
027.285  000.041  000.023: require('cmp.types.lsp')
027.297  000.011  000.011: require('cmp.types.vim')
027.297  000.079  000.014: require('cmp.types')
027.311  000.013  000.013: require('cmp.utils.highlight')
027.335  000.011  000.011: require('cmp.utils.debug')
027.338  000.027  000.016: require('cmp.utils.autocmd')
027.470  000.004  000.004: sourcing nvim_exec2() called at /home/hellotalk/.local/share/nvim/lazy/nvim-cmp/plugin/cmp.lua:0
027.471  000.306  000.156: sourcing /home/hellotalk/.local/share/nvim/lazy/nvim-cmp/plugin/cmp.lua
027.477  000.319  000.013: sourcing nvim_exec2() called at /home/hellotalk/.config/nvim/init.lua:0
027.479  000.001  000.001: sourcing nvim_exec2() called at /home/hellotalk/.config/nvim/init.lua:0
027.485  000.000  000.000: sourcing nvim_exec2() called at /home/hellotalk/.config/nvim/init.lua:0
027.585  000.024  000.024: require('cmp.utils.char')
027.588  000.042  000.019: require('cmp.utils.str')
027.634  000.011  000.011: require('cmp.utils.buffer')
027.637  000.035  000.024: require('cmp.utils.keymap')
027.638  000.050  000.015: require('cmp.utils.feedkeys')
027.691  000.018  000.018: require('cmp.config.mapping')
027.703  000.012  000.012: require('cmp.utils.cache')
027.742  000.022  000.022: require('cmp.config.compare')
027.743  000.039  000.017: require('cmp.config.default')
027.750  000.093  000.025: require('cmp.config')
027.756  000.117  000.023: require('cmp.utils.async')
027.781  000.011  000.011: require('cmp.utils.pattern')
027.783  000.026  000.015: require('cmp.context')
027.861  000.035  000.035: require('cmp.utils.snippet')
027.876  000.014  000.014: require('cmp.matcher')
027.878  000.076  000.026: require('cmp.entry')
027.881  000.098  000.022: require('cmp.source')
027.909  000.011  000.011: require('cmp.utils.event')
027.951  000.011  000.011: require('cmp.utils.options')
027.953  000.029  000.019: require('cmp.utils.window')
027.954  000.045  000.015: require('cmp.view.docs_view')
027.980  000.025  000.025: require('cmp.view.custom_entries_view')
028.000  000.020  000.020: require('cmp.view.wildmenu_entries_view')
028.017  000.017  000.017: require('cmp.view.native_entries_view')
028.040  000.022  000.022: require('cmp.view.ghost_text_view')
028.043  000.162  000.023: require('cmp.view')
028.209  000.694  000.199: require('cmp.core')
028.279  000.014  000.014: require('cmp.config.sources')
028.292  000.012  000.012: require('cmp.config.window')
028.312  000.825  000.104: require('cmp')
028.600  000.031  000.031: sourcing /usr/local/nvim/share/nvim/runtime/plugin/editorconfig.lua
028.602  000.044  000.013: sourcing nvim_exec2() called at /home/hellotalk/.config/nvim/init.lua:0
028.635  000.023  000.023: sourcing /usr/local/nvim/share/nvim/runtime/plugin/man.lua
028.636  000.031  000.008: sourcing nvim_exec2() called at /home/hellotalk/.config/nvim/init.lua:0
028.712  000.068  000.068: sourcing /usr/local/nvim/share/nvim/runtime/plugin/matchparen.vim
028.713  000.075  000.007: sourcing nvim_exec2() called at /home/hellotalk/.config/nvim/init.lua:0
028.737  000.016  000.016: sourcing /usr/local/nvim/share/nvim/runtime/plugin/osc52.lua
028.738  000.023  000.007: sourcing nvim_exec2() called at /home/hellotalk/.config/nvim/init.lua:0
028.768  000.023  000.023: sourcing /usr/local/nvim/share/nvim/runtime/plugin/shada.vim
028.769  000.029  000.007: sourcing nvim_exec2() called at /home/hellotalk/.config/nvim/init.lua:0
028.784  000.006  000.006: sourcing /usr/local/nvim/share/nvim/runtime/plugin/spellfile.vim
028.785  000.014  000.008: sourcing nvim_exec2() called at /home/hellotalk/.config/nvim/init.lua:0
028.976  000.122  000.122: require('cmp_luasnip')
028.994  000.152  000.030: sourcing /home/hellotalk/.local/share/nvim/lazy/cmp_luasnip/after/plugin/cmp_luasnip.lua
028.995  000.162  000.009: sourcing nvim_exec2() called at /home/hellotalk/.config/nvim/init.lua:0
029.071  000.016  000.016: require('cmp_nvim_lsp.source')
029.073  000.034  000.019: require('cmp_nvim_lsp')
029.076  000.048  000.014: sourcing /home/hellotalk/.local/share/nvim/lazy/cmp-nvim-lsp/after/plugin/cmp_nvim_lsp.lua
029.077  000.058  000.010: sourcing nvim_exec2() called at /home/hellotalk/.config/nvim/init.lua:0
029.126  000.024  000.024: require('cmp_path')
029.135  000.042  000.018: sourcing /home/hellotalk/.local/share/nvim/lazy/cmp-path/after/plugin/cmp_path.lua
029.136  000.051  000.009: sourcing nvim_exec2() called at /home/hellotalk/.config/nvim/init.lua:0
029.213  000.012  000.012: require('cmp_buffer.timer')
029.215  000.030  000.018: require('cmp_buffer.buffer')
029.216  000.045  000.015: require('cmp_buffer.source')
029.217  000.057  000.012: require('cmp_buffer')
029.253  000.102  000.045: sourcing /home/hellotalk/.local/share/nvim/lazy/cmp-buffer/after/plugin/cmp_buffer.lua
029.254  000.111  000.009: sourcing nvim_exec2() called at /home/hellotalk/.config/nvim/init.lua:0
029.275  026.639  008.183: require('configs.lazy')
029.454  000.053  000.053: require('vim.lsp.buf')
029.488  000.212  000.159: require('configs.keymaps')
029.845  000.020  000.020: require('tokyonight.util')
029.855  000.045  000.025: require('tokyonight.theme')
029.911  000.018  000.018: require('tokyonight.colors')
029.979  000.014  000.014: require('tokyonight.colors.storm')
030.031  000.022  000.022: require('tokyonight.hsluv')
030.224  000.025  000.025: require('tokyonight.groups')
030.702  000.908  000.783: sourcing /home/hellotalk/.local/share/nvim/lazy/tokyonight.nvim/colors/tokyonight-night.lua
031.663  029.206  001.286: sourcing /home/hellotalk/.config/nvim/init.lua
031.669  000.315: sourcing vimrc file(s)
031.768  000.019  000.019: sourcing /usr/local/nvim/share/nvim/runtime/filetype.lua
031.949  000.047  000.047: sourcing /usr/local/nvim/share/nvim/runtime/syntax/synload.vim
031.997  000.194  000.147: sourcing /usr/local/nvim/share/nvim/runtime/syntax/syntax.vim
032.005  000.123: inits 3
032.385  000.380: reading ShaDa
032.916  000.025  000.025: require('luasnip.util.directed_graph')
032.933  000.016  000.016: require('luasnip.session.enqueueable_operations')
032.937  000.133  000.092: require('luasnip.loaders.from_lua')
033.096  000.015  000.015: require('luasnip.util.events')
033.101  000.052  000.037: require('luasnip.nodes.node')
033.149  000.048  000.048: require('luasnip.nodes.insertNode')
033.169  000.019  000.019: require('luasnip.nodes.textNode')
033.190  000.020  000.020: require('luasnip.util.mark')
033.206  000.016  000.016: require('luasnip.util.pattern_tokenizer')
033.220  000.013  000.013: require('luasnip.util.dict')
033.388  000.152  000.152: require('luasnip.util.jsregexp')
033.389  000.168  000.016: require('luasnip.nodes.util.trig_engines')
033.413  000.417  000.081: require('luasnip.nodes.snippet')
033.415  000.433  000.016: require('luasnip.nodes.duplicate')
033.416  000.449  000.016: require('luasnip.loaders.snippet_cache')
033.421  000.483  000.034: require('luasnip.loaders.from_snipmate')
033.546  000.019  000.019: require('luasnip.util.parser.neovim_ast')
033.565  000.018  000.018: require('luasnip.util.str')
033.673  000.107  000.107: require('luasnip.util.jsregexp')
033.676  000.170  000.026: require('luasnip.util.parser.ast_utils')
033.704  000.028  000.028: require('luasnip.nodes.functionNode')
033.740  000.036  000.036: require('luasnip.nodes.choiceNode')
033.770  000.029  000.029: require('luasnip.nodes.dynamicNode')
033.787  000.016  000.016: require('luasnip.util.functions')
033.789  000.305  000.026: require('luasnip.util.parser.ast_parser')
033.836  000.047  000.047: require('luasnip.util.parser.neovim_parser')
033.839  000.378  000.026: require('luasnip.util.parser')
033.856  000.017  000.017: require('luasnip.nodes.snippetProxy')
033.908  000.051  000.051: require('luasnip.util.jsonc')
033.913  000.490  000.045: require('luasnip.loaders.from_vscode')
033.989  000.029  000.029: require('mason-registry.api')
033.991  000.057  000.028: require('mason.providers.registry-api')
034.904  001.355: opening buffers
034.963  000.059: BufEnter autocommands
034.965  000.002: editing files in windows
034.969  000.003: --- NVIM STARTED ---

