--- Startup times for process: Primary (or UI client) ---

times in msec
 clock   self+sourced   self:  sourced script
 clock   elapsed:              other lines

000.001  000.001: --- NVIM STARTING ---
000.119  000.118: event init
000.191  000.073: early init
000.231  000.040: locale set
000.266  000.035: init first window
000.545  000.279: inits 1
000.555  000.010: window checked
000.558  000.003: parsing arguments
000.940  000.036  000.036: require('vim.shared')
001.010  000.028  000.028: require('vim.inspect')
001.044  000.028  000.028: require('vim._options')
001.047  000.105  000.049: require('vim._editor')
001.048  000.165  000.024: require('vim._init_packages')
001.050  000.326: init lua interpreter
001.085  000.036: expanding arguments
001.101  000.016: inits 2
001.289  000.188: init highlight
001.308  000.018: clear screen
001.395  000.010  000.010: require('vim.keymap')
002.004  000.128  000.128: sourcing nvim_exec2()
002.075  000.766  000.628: require('vim._defaults')
002.077  000.003: init default mappings & autocommands
002.376  000.033  000.033: sourcing /usr/local/nvim/share/nvim/runtime/ftplugin.vim
002.417  000.018  000.018: sourcing /usr/local/nvim/share/nvim/runtime/indent.vim
002.664  000.184  000.184: require('configs.basic')
003.200  000.310  000.310: require('lazy')
003.221  000.008  000.008: require('ffi')
003.248  000.014  000.014: require('vim.fs')
003.314  000.063  000.063: require('vim.uri')
003.322  000.099  000.022: require('vim.loader')
003.546  000.212  000.212: require('lazy.stats')
003.639  000.077  000.077: require('lazy.core.util')
003.761  000.120  000.120: require('lazy.core.config')
003.907  000.054  000.054: require('lazy.core.handler')
004.131  000.073  000.073: require('lazy.pkg')
004.137  000.168  000.095: require('lazy.core.meta')
004.141  000.233  000.065: require('lazy.core.plugin')
004.147  000.385  000.097: require('lazy.core.loader')
004.623  000.070  000.070: require('lazy.async')
004.890  000.198  000.198: require('lazy.manage.process')
004.975  000.083  000.083: require('lazy.terminal')
004.979  000.353  000.072: require('lazy.manage.task')
004.980  000.479  000.056: require('lazy.manage.runner')
004.982  000.551  000.072: require('lazy.manage')
004.984  000.641  000.090: require('lazy.view.commands')
005.062  000.055  000.055: require('lazy.core.fragments')
006.338  000.003  000.003: require('vim.F')
006.365  000.238  000.235: require('vim.diagnostic')
009.579  000.112  000.112: require('lazy.core.handler.cmd')
009.610  000.026  000.026: require('lazy.core.handler.event')
009.649  000.037  000.037: require('lazy.core.handler.keys')
009.664  000.014  000.014: require('lazy.core.handler.ft')
009.934  000.005  000.005: sourcing nvim_exec2() called at /home/hellotalk/.config/nvim/init.lua:0
009.997  000.032  000.032: sourcing /home/hellotalk/.local/share/nvim/lazy/go.nvim/ftdetect/filetype.vim
009.999  000.047  000.015: sourcing nvim_exec2() called at /home/hellotalk/.config/nvim/init.lua:0
010.002  000.001  000.001: sourcing nvim_exec2() called at /home/hellotalk/.config/nvim/init.lua:0
010.030  000.001  000.001: sourcing nvim_exec2() called at /home/hellotalk/.config/nvim/init.lua:0
010.035  000.000  000.000: sourcing nvim_exec2() called at /home/hellotalk/.config/nvim/init.lua:0
010.166  000.047  000.047: sourcing nvim_exec2() called at /usr/local/nvim/share/nvim/runtime/filetype.lua:0
010.167  000.072  000.025: sourcing /usr/local/nvim/share/nvim/runtime/filetype.lua
010.168  000.081  000.009: sourcing nvim_exec2() called at /home/hellotalk/.config/nvim/init.lua:0
010.208  000.001  000.001: sourcing nvim_exec2() called at /home/hellotalk/.config/nvim/init.lua:0
010.211  000.000  000.000: sourcing nvim_exec2() called at /home/hellotalk/.config/nvim/init.lua:0
010.310  000.017  000.017: require('tokyonight.config')
010.311  000.099  000.081: require('tokyonight')
010.331  000.001  000.001: sourcing nvim_exec2() called at /home/hellotalk/.config/nvim/init.lua:0
010.334  000.000  000.000: sourcing nvim_exec2() called at /home/hellotalk/.config/nvim/init.lua:0
010.456  000.022  000.022: require('guess-indent.utils')
010.486  000.029  000.029: require('guess-indent.config')
010.488  000.152  000.102: require('guess-indent')
010.534  000.001  000.001: sourcing nvim_exec2() called at /home/hellotalk/.config/nvim/init.lua:0
010.537  000.001  000.001: sourcing nvim_exec2() called at /home/hellotalk/.config/nvim/init.lua:0
010.839  000.251  000.251: require('gruvbox')
010.886  000.001  000.001: sourcing nvim_exec2() called at /home/hellotalk/.config/nvim/init.lua:0
010.889  000.001  000.001: sourcing nvim_exec2() called at /home/hellotalk/.config/nvim/init.lua:0
011.026  000.033  000.033: require('blame.git')
011.077  000.018  000.018: require('blame.highlights')
011.119  000.013  000.013: require('blame.utils')
011.133  000.014  000.014: require('blame.porcelain_parser')
011.161  000.027  000.027: require('blame.mappings')
011.163  000.085  000.031: require('blame.blame_stack')
011.201  000.037  000.037: require('blame.commit_info')
011.203  000.177  000.036: require('blame.views.window_view')
011.228  000.024  000.024: require('blame.views.virtual_view')
011.251  000.022  000.022: require('blame.formats.default_formats')
011.254  000.357  000.100: require('blame')
011.301  000.002  000.002: sourcing nvim_exec2() called at /home/hellotalk/.config/nvim/init.lua:0
011.305  000.000  000.000: sourcing nvim_exec2() called at /home/hellotalk/.config/nvim/init.lua:0
011.504  000.050  000.050: sourcing /home/hellotalk/.local/share/nvim/lazy/vim-visual-multi/autoload/vm/plugs.vim
011.651  000.055  000.055: sourcing /home/hellotalk/.local/share/nvim/lazy/vim-visual-multi/autoload/vm/maps.vim
011.733  000.051  000.051: sourcing /home/hellotalk/.local/share/nvim/lazy/vim-visual-multi/autoload/vm/maps/all.vim
012.000  000.630  000.474: sourcing /home/hellotalk/.local/share/nvim/lazy/vim-visual-multi/plugin/visual-multi.vim
012.001  000.640  000.010: sourcing nvim_exec2() called at /home/hellotalk/.config/nvim/init.lua:0
012.004  000.001  000.001: sourcing nvim_exec2() called at /home/hellotalk/.config/nvim/init.lua:0
012.009  000.000  000.000: sourcing nvim_exec2() called at /home/hellotalk/.config/nvim/init.lua:0
012.094  000.029  000.029: sourcing /home/hellotalk/.local/share/nvim/lazy/nvim-rooter.lua/plugin/nvim-rooter.lua
012.095  000.038  000.009: sourcing nvim_exec2() called at /home/hellotalk/.config/nvim/init.lua:0
012.098  000.001  000.001: sourcing nvim_exec2() called at /home/hellotalk/.config/nvim/init.lua:0
012.101  000.000  000.000: sourcing nvim_exec2() called at /home/hellotalk/.config/nvim/init.lua:0
012.196  000.093  000.093: require('nvim-rooter')
012.240  000.001  000.001: sourcing nvim_exec2() called at /home/hellotalk/.config/nvim/init.lua:0
012.244  000.000  000.000: sourcing nvim_exec2() called at /home/hellotalk/.config/nvim/init.lua:0
013.176  000.004  000.004: sourcing nvim_exec2() called at /home/hellotalk/.config/nvim/init.lua:0
013.182  000.001  000.001: sourcing nvim_exec2() called at /home/hellotalk/.config/nvim/init.lua:0
013.371  000.024  000.024: require('mason-core.path')
013.470  000.023  000.023: require('mason-core.functional.data')
013.500  000.027  000.027: require('mason-core.functional.function')
013.542  000.040  000.040: require('mason-core.functional.list')
013.573  000.027  000.027: require('mason-core.functional.relation')
013.594  000.020  000.020: require('mason-core.functional.logic')
013.651  000.056  000.056: require('mason-core.functional.number')
013.726  000.067  000.067: require('mason-core.functional.string')
013.781  000.054  000.054: require('mason-core.functional.table')
013.835  000.052  000.052: require('mason-core.functional.type')
013.841  000.434  000.067: require('mason-core.functional')
013.868  000.496  000.062: require('mason-core.platform')
013.939  000.070  000.070: require('mason.settings')
013.942  000.625  000.035: require('mason-core.installer.InstallLocation')
014.055  000.056  000.056: require('mason-core.log')
014.057  000.078  000.022: require('mason-core.EventEmitter')
014.081  000.023  000.023: require('mason-registry.sources')
014.103  000.161  000.060: require('mason-registry')
014.104  000.910  000.124: require('mason')
014.226  000.037  000.037: require('mason.api.command')
014.232  001.629  000.678: require('mason-core.functional')
014.247  000.015  000.015: require('mason-lspconfig.settings')
014.249  001.918  000.273: require('mason-lspconfig')
014.287  000.021  000.021: require('mason-core.async')
014.321  000.018  000.018: require('mason-core.async.control')
014.339  000.017  000.017: require('mason-core.result')
014.367  000.011  000.011: require('mason-core.async.uv')
014.370  000.030  000.019: require('mason-core.fs')
014.375  000.088  000.023: require('mason-registry.installer')
014.438  000.018  000.018: require('mason-core.optional')
014.533  000.064  000.064: require('mason-core.process')
014.554  000.021  000.021: require('mason-core.spawn')
014.556  000.101  000.016: require('mason-core.installer.managers.powershell')
014.567  000.011  000.011: require('mason.version')
014.568  000.130  000.018: require('mason-core.fetch')
014.580  000.012  000.012: require('mason-core.providers')
014.656  000.031  000.031: require('mason-core.purl')
014.659  000.051  000.020: require('mason-core.package.AbstractPackage')
014.738  000.023  000.023: require('mason-core.installer.compiler.expr')
014.740  000.044  000.022: require('mason-core.installer.compiler.link')
014.828  000.014  000.014: require('mason-core.installer.context.InstallContextCwd')
014.845  000.017  000.017: require('mason-core.installer.context.InstallContextFs')
014.860  000.015  000.015: require('mason-core.installer.context.InstallContextSpawn')
014.881  000.020  000.020: require('mason-core.receipt')
014.890  000.107  000.041: require('mason-core.installer.context')
014.891  000.118  000.012: require('mason-core.installer')
014.897  000.143  000.025: require('mason-core.installer.managers.std')
014.899  000.158  000.015: require('mason-core.installer.compiler.schemas')
014.917  000.018  000.018: require('mason-core.installer.compiler.util')
014.921  000.243  000.023: require('mason-core.installer.compiler')
014.944  000.023  000.023: require('mason-core.installer.linker')
014.946  000.287  000.021: require('mason-core.installer.InstallRunner')
014.964  000.017  000.017: require('mason-core.installer.UninstallRunner')
014.967  000.375  000.021: require('mason-core.package')
014.968  000.387  000.013: require('mason-registry.sources.util')
014.978  000.578  000.032: require('mason-registry.sources.github')
016.905  000.016  000.016: require('mason-lspconfig.mappings')
016.906  000.034  000.018: require('mason-lspconfig.features.automatic_enable')
019.963  000.047  000.047: require('vim.lsp.log')
020.149  000.183  000.183: require('vim.lsp.protocol')
020.234  000.084  000.084: require('vim.lsp.util')
020.275  000.015  000.015: require('vim.lsp.sync')
020.278  000.042  000.026: require('vim.lsp._changetracking')
020.335  000.022  000.022: require('vim.lsp._transport')
020.348  000.070  000.047: require('vim.lsp.rpc')
020.379  000.535  000.110: require('vim.lsp')
021.075  000.015  000.015: require('mason-lspconfig.notify')
021.098  000.069  000.054: require('mason-lspconfig.api.command')
021.235  000.082  000.082: require('gitsigns')
021.325  000.068  000.068: require('gitsigns.highlight')
021.364  000.026  000.026: require('gitsigns.debug.log')
021.433  000.068  000.068: require('gitsigns.config')
021.657  000.018  000.018: require('gitsigns.debounce')
021.661  000.522  000.259: sourcing /home/hellotalk/.local/share/nvim/lazy/gitsigns.nvim/plugin/gitsigns.lua
021.664  000.536  000.014: sourcing nvim_exec2() called at /home/hellotalk/.config/nvim/init.lua:0
021.668  000.002  000.002: sourcing nvim_exec2() called at /home/hellotalk/.config/nvim/init.lua:0
021.673  000.001  000.001: sourcing nvim_exec2() called at /home/hellotalk/.config/nvim/init.lua:0
021.904  000.140  000.140: require('lspconfig.util')
021.963  000.054  000.054: require('vim.version')
022.623  000.886  000.692: sourcing /home/hellotalk/.local/share/nvim/lazy/nvim-lspconfig/plugin/lspconfig.lua
022.627  000.897  000.012: sourcing nvim_exec2() called at /home/hellotalk/.config/nvim/init.lua:0
022.632  000.002  000.002: sourcing nvim_exec2() called at /home/hellotalk/.config/nvim/init.lua:0
022.638  000.000  000.000: sourcing nvim_exec2() called at /home/hellotalk/.config/nvim/init.lua:0
022.722  000.019  000.019: sourcing /home/hellotalk/.local/share/nvim/lazy/conform.nvim/plugin/conform.lua
022.723  000.030  000.011: sourcing nvim_exec2() called at /home/hellotalk/.config/nvim/init.lua:0
022.726  000.001  000.001: sourcing nvim_exec2() called at /home/hellotalk/.config/nvim/init.lua:0
022.729  000.000  000.000: sourcing nvim_exec2() called at /home/hellotalk/.config/nvim/init.lua:0
022.885  000.153  000.153: require('conform')
023.035  000.017  000.017: require('Comment.config')
023.104  000.044  000.044: require('Comment.ft')
023.107  000.071  000.026: require('Comment.utils')
023.176  000.069  000.069: require('Comment.opfunc')
023.192  000.015  000.015: require('Comment.extra')
023.194  000.247  000.075: require('Comment.api')
023.249  000.318  000.071: sourcing /home/hellotalk/.local/share/nvim/lazy/Comment.nvim/plugin/Comment.lua
023.251  000.328  000.010: sourcing nvim_exec2() called at /home/hellotalk/.config/nvim/init.lua:0
023.254  000.001  000.001: sourcing nvim_exec2() called at /home/hellotalk/.config/nvim/init.lua:0
023.258  000.000  000.000: sourcing nvim_exec2() called at /home/hellotalk/.config/nvim/init.lua:0
023.285  000.019  000.019: require('Comment')
023.456  000.013  000.013: sourcing /home/hellotalk/.local/share/nvim/lazy/plenary.nvim/plugin/plenary.vim
023.457  000.022  000.009: sourcing nvim_exec2() called at /home/hellotalk/.config/nvim/init.lua:0
023.460  000.001  000.001: sourcing nvim_exec2() called at /home/hellotalk/.config/nvim/init.lua:0
023.463  000.000  000.000: sourcing nvim_exec2() called at /home/hellotalk/.config/nvim/init.lua:0
023.560  000.014  000.014: sourcing /home/hellotalk/.local/share/nvim/lazy/nvim-web-devicons/plugin/nvim-web-devicons.vim
023.561  000.022  000.008: sourcing nvim_exec2() called at /home/hellotalk/.config/nvim/init.lua:0
023.564  000.000  000.000: sourcing nvim_exec2() called at /home/hellotalk/.config/nvim/init.lua:0
023.566  000.000  000.000: sourcing nvim_exec2() called at /home/hellotalk/.config/nvim/init.lua:0
023.652  000.001  000.001: sourcing nvim_exec2() called at /home/hellotalk/.config/nvim/init.lua:0
023.655  000.000  000.000: sourcing nvim_exec2() called at /home/hellotalk/.config/nvim/init.lua:0
023.731  000.001  000.001: sourcing nvim_exec2() called at /home/hellotalk/.config/nvim/init.lua:0
023.734  000.000  000.000: sourcing nvim_exec2() called at /home/hellotalk/.config/nvim/init.lua:0
023.862  000.015  000.015: require('window-picker.util')
023.863  000.036  000.021: require('window-picker.filters.default-window-filter')
023.881  000.017  000.017: require('window-picker.pickers.window-picker')
023.923  000.017  000.017: require('window-picker.hints.statusline-hint')
023.926  000.044  000.028: require('window-picker.hints.statusline-winbar-hint')
023.942  000.016  000.016: require('window-picker.configurer')
023.943  000.131  000.018: require('window-picker.builder')
023.961  000.017  000.017: require('window-picker.config')
023.961  000.226  000.078: require('window-picker')
024.062  000.024  000.024: sourcing /home/hellotalk/.local/share/nvim/lazy/neo-tree.nvim/plugin/neo-tree.lua
024.064  000.033  000.009: sourcing nvim_exec2() called at /home/hellotalk/.config/nvim/init.lua:0
024.066  000.001  000.001: sourcing nvim_exec2() called at /home/hellotalk/.config/nvim/init.lua:0
024.069  000.000  000.000: sourcing nvim_exec2() called at /home/hellotalk/.config/nvim/init.lua:0
024.094  000.022  000.022: require('neo-tree')
024.641  000.016  000.016: require('vim.treesitter.language')
024.655  000.012  000.012: require('vim.func')
024.672  000.015  000.015: require('vim.func._memoize')
024.688  000.103  000.060: require('vim.treesitter.query')
024.705  000.017  000.017: require('vim.treesitter._range')
024.712  000.174  000.055: require('vim.treesitter.languagetree')
024.735  000.224  000.050: require('vim.treesitter')
024.737  000.245  000.021: require('nvim-treesitter.compat')
025.384  000.594  000.594: require('nvim-treesitter.parsers')
025.444  000.058  000.058: require('nvim-treesitter.utils')
025.447  000.686  000.034: require('nvim-treesitter.ts_utils')
025.451  000.714  000.028: require('nvim-treesitter.tsrange')
025.479  000.026  000.026: require('nvim-treesitter.caching')
025.491  001.027  000.042: require('nvim-treesitter.query')
025.500  001.083  000.056: require('nvim-treesitter.configs')
025.501  001.173  000.089: require('nvim-treesitter-textobjects')
025.660  000.054  000.054: require('nvim-treesitter.info')
025.707  000.046  000.046: require('nvim-treesitter.shell_command_selectors')
025.724  000.198  000.099: require('nvim-treesitter.install')
026.015  000.290  000.290: require('nvim-treesitter.statusline')
026.063  000.047  000.047: require('nvim-treesitter.query_predicates')
026.065  000.563  000.028: require('nvim-treesitter')
026.140  000.042  000.042: require('nvim-treesitter.textobjects.shared')
026.144  000.074  000.032: require('nvim-treesitter.textobjects.select')
026.206  000.059  000.059: require('vim.iter')
026.293  000.029  000.029: require('nvim-treesitter.textobjects.attach')
026.340  000.046  000.046: require('nvim-treesitter.textobjects.repeatable_move')
026.345  000.112  000.037: require('nvim-treesitter.textobjects.move')
026.525  000.030  000.030: require('nvim-treesitter.textobjects.swap')
026.590  000.034  000.034: require('nvim-treesitter.textobjects.lsp_interop')
026.604  002.282  000.237: sourcing /home/hellotalk/.local/share/nvim/lazy/nvim-treesitter-textobjects/plugin/nvim-treesitter-textobjects.vim
026.606  002.292  000.010: sourcing nvim_exec2() called at /home/hellotalk/.config/nvim/init.lua:0
026.611  000.001  000.001: sourcing nvim_exec2() called at /home/hellotalk/.config/nvim/init.lua:0
026.616  000.000  000.000: sourcing nvim_exec2() called at /home/hellotalk/.config/nvim/init.lua:0
026.981  000.345  000.345: sourcing /home/hellotalk/.local/share/nvim/lazy/nvim-treesitter/plugin/nvim-treesitter.lua
026.983  000.355  000.011: sourcing nvim_exec2() called at /home/hellotalk/.config/nvim/init.lua:0
026.985  000.001  000.001: sourcing nvim_exec2() called at /home/hellotalk/.config/nvim/init.lua:0
026.990  000.000  000.000: sourcing nvim_exec2() called at /home/hellotalk/.config/nvim/init.lua:0
027.477  000.063  000.063: require('nvim-treesitter.indent')
027.571  000.025  000.025: require('nvim-treesitter.highlight')
027.736  000.048  000.048: require('nvim-treesitter.locals')
027.739  000.083  000.035: require('nvim-treesitter.incremental_selection')
027.834  000.021  000.021: require('render-markdown.config.injections')
027.857  000.023  000.023: require('render-markdown.config.patterns')
027.879  000.021  000.021: require('render-markdown.config.anti_conceal')
027.898  000.019  000.019: require('render-markdown.config.padding')
027.919  000.020  000.020: require('render-markdown.config.latex')
027.937  000.018  000.018: require('render-markdown.config.on')
027.957  000.019  000.019: require('render-markdown.config.completions')
027.984  000.026  000.026: require('render-markdown.config.heading')
028.004  000.020  000.020: require('render-markdown.config.paragraph')
028.075  000.070  000.070: require('render-markdown.config.code')
028.116  000.040  000.040: require('render-markdown.config.dash')
028.151  000.035  000.035: require('render-markdown.config.document')
028.188  000.036  000.036: require('render-markdown.config.bullet')
028.230  000.041  000.041: require('render-markdown.config.checkbox')
028.264  000.034  000.034: require('render-markdown.config.quote')
028.307  000.043  000.043: require('render-markdown.config.pipe_table')
028.386  000.078  000.078: require('render-markdown.config.callout')
028.453  000.066  000.066: require('render-markdown.config.link')
028.484  000.031  000.031: require('render-markdown.config.sign')
028.514  000.029  000.029: require('render-markdown.config.inline_highlight')
028.567  000.052  000.052: require('render-markdown.config.indent')
028.608  000.040  000.040: require('render-markdown.config.html')
028.662  000.054  000.054: require('render-markdown.config.win_options')
028.694  000.032  000.032: require('render-markdown.config.overrides')
028.728  000.033  000.033: require('render-markdown.config.handlers')
028.729  000.948  000.047: require('render-markdown')
028.836  000.106  000.106: require('render-markdown.lib.presets')
028.954  000.068  000.068: require('render-markdown.lib.compat')
029.014  000.059  000.059: require('render-markdown.lib.env')
029.160  000.033  000.033: require('render-markdown.lib.str')
029.162  000.068  000.035: require('render-markdown.lib.line')
029.175  000.013  000.013: require('render-markdown.lib.resolved')
029.187  000.011  000.011: require('render-markdown.lib.iter')
029.188  000.135  000.042: require('render-markdown.lib.config')
029.189  000.166  000.032: require('render-markdown.state')
029.218  000.016  000.016: require('render-markdown.core.log')
029.255  000.011  000.011: require('render-markdown.request.callout')
029.267  000.012  000.012: require('render-markdown.request.checkbox')
029.283  000.015  000.015: require('render-markdown.request.conceal')
029.294  000.011  000.011: require('render-markdown.request.offset')
029.305  000.010  000.010: require('render-markdown.request.used')
029.334  000.017  000.017: require('render-markdown.lib.node')
029.346  000.012  000.012: require('render-markdown.lib.range')
029.348  000.042  000.014: require('render-markdown.request.view')
029.349  000.118  000.017: require('render-markdown.request.context')
029.364  000.015  000.015: require('render-markdown.lib.marks')
029.377  000.012  000.012: require('render-markdown.core.ts')
029.378  000.159  000.014: require('render-markdown.handler.html')
029.403  000.012  000.012: require('render-markdown.lib.indent')
029.405  000.027  000.015: require('render-markdown.handler.latex')
029.419  000.013  000.013: require('render-markdown.handler.markdown')
029.446  000.027  000.027: require('render-markdown.handler.markdown_inline')
029.447  000.258  000.016: require('render-markdown.core.handlers')
029.496  000.012  000.012: require('render-markdown.lib.decorator')
029.510  000.013  000.013: require('render-markdown.lib.extmark')
029.513  000.046  000.020: require('render-markdown.core.ui')
029.516  000.065  000.020: require('render-markdown.core.manager')
029.569  000.033  000.033: require('render-markdown.integ.source')
029.571  000.048  000.014: require('render-markdown.integ.blink')
029.589  000.018  000.018: require('render-markdown.core.colors')
029.656  000.022  000.022: require('render-markdown.api')
029.657  000.040  000.018: require('render-markdown.core.command')
029.696  001.931  000.155: sourcing /home/hellotalk/.local/share/nvim/lazy/render-markdown.nvim/plugin/render-markdown.lua
029.698  001.943  000.011: sourcing nvim_exec2() called at /home/hellotalk/.config/nvim/init.lua:0
029.702  000.002  000.002: sourcing nvim_exec2() called at /home/hellotalk/.config/nvim/init.lua:0
029.706  000.000  000.000: sourcing nvim_exec2() called at /home/hellotalk/.config/nvim/init.lua:0
029.789  000.001  000.001: sourcing nvim_exec2() called at /home/hellotalk/.config/nvim/init.lua:0
029.792  000.000  000.000: sourcing nvim_exec2() called at /home/hellotalk/.config/nvim/init.lua:0
029.916  000.014  000.014: require('toggleterm.lazy')
029.928  000.011  000.011: require('toggleterm.constants')
029.967  000.038  000.038: require('toggleterm.terminal')
029.970  000.177  000.114: require('toggleterm')
030.000  000.013  000.013: require('toggleterm.colors')
030.014  000.014  000.014: require('toggleterm.utils')
030.017  000.046  000.018: require('toggleterm.config')
030.455  000.041  000.041: require('toggleterm.commandline')
030.541  000.016  000.016: sourcing /usr/local/nvim/share/nvim/runtime/plugin/editorconfig.lua
030.542  000.027  000.011: sourcing nvim_exec2() called at /home/hellotalk/.config/nvim/init.lua:0
030.575  000.017  000.017: sourcing /usr/local/nvim/share/nvim/runtime/plugin/man.lua
030.586  000.035  000.018: sourcing nvim_exec2() called at /home/hellotalk/.config/nvim/init.lua:0
030.658  000.064  000.064: sourcing /usr/local/nvim/share/nvim/runtime/plugin/matchparen.vim
030.659  000.071  000.007: sourcing nvim_exec2() called at /home/hellotalk/.config/nvim/init.lua:0
030.684  000.016  000.016: sourcing /usr/local/nvim/share/nvim/runtime/plugin/osc52.lua
030.685  000.023  000.007: sourcing nvim_exec2() called at /home/hellotalk/.config/nvim/init.lua:0
030.715  000.022  000.022: sourcing /usr/local/nvim/share/nvim/runtime/plugin/shada.vim
030.716  000.029  000.007: sourcing nvim_exec2() called at /home/hellotalk/.config/nvim/init.lua:0
030.730  000.006  000.006: sourcing /usr/local/nvim/share/nvim/runtime/plugin/spellfile.vim
030.731  000.013  000.008: sourcing nvim_exec2() called at /home/hellotalk/.config/nvim/init.lua:0
030.780  028.114  013.228: require('configs.lazy')
030.909  000.128  000.128: require('configs.keymaps')
031.252  000.024  000.024: require('tokyonight.util')
031.253  000.042  000.018: require('tokyonight.theme')
031.331  000.018  000.018: require('tokyonight.colors')
031.383  000.014  000.014: require('tokyonight.colors.storm')
031.452  000.033  000.033: require('tokyonight.hsluv')
031.605  000.025  000.025: require('tokyonight.groups')
032.011  000.817  000.685: sourcing /home/hellotalk/.local/share/nvim/lazy/tokyonight.nvim/colors/tokyonight-night.lua
032.380  029.918  000.675: sourcing /home/hellotalk/.config/nvim/init.lua
032.386  000.340: sourcing vimrc file(s)
032.517  000.021  000.021: sourcing /usr/local/nvim/share/nvim/runtime/filetype.lua
032.617  000.034  000.034: sourcing /usr/local/nvim/share/nvim/runtime/syntax/synload.vim
032.655  000.116  000.082: sourcing /usr/local/nvim/share/nvim/runtime/syntax/syntax.vim
032.660  000.138: inits 3
032.936  000.276: reading ShaDa
033.149  000.213: opening buffers
033.204  000.056: BufEnter autocommands
033.206  000.002: editing files in windows
033.211  000.004: --- NVIM STARTED ---

